  Geri y├╝klenecek projeler belirleniyor...
  Geri y├╝kleme i├ğin t├╝m projeler g├╝ncel.
  NovaBank.Core -> C:\Users\The Coder Farmer\Desktop\NovaBank\src\NovaBank.Core\bin\Debug\net9.0\NovaBank.Core.dll
  NovaBank.Contracts -> C:\Users\The Coder Farmer\Desktop\NovaBank\src\NovaBank.Contracts\bin\Debug\net9.0\NovaBank.Contracts.dll
CSC : warning DX1000: For evaluation purposes only. Redistribution prohibited. Please purchase a license to continue use of the following DevExpress product libraries: DevExpress.Xtra*/DevExpress.Win* - Included in Subscriptions: Universal, DXperience, WinForms (devexpress.com/DX1000) [C:\Users\The Coder Farmer\Desktop\NovaBank\src\NovaBank.WinForms\NovaBank.WinForms.csproj]
C:\Users\The Coder Farmer\Desktop\NovaBank\src\NovaBank.WinForms\FrmAuth.cs(83,48): warning CS8632: Bo┼ş de─şer atanabilir ba┼şvuru t├╝rleri i├ğin ek a├ğ─▒klama kodda yaln─▒zca bir '#nullable' ek a├ğ─▒klama ba─şlam─▒ i├ğinde kullan─▒lmal─▒d─▒r. [C:\Users\The Coder Farmer\Desktop\NovaBank\src\NovaBank.WinForms\NovaBank.WinForms.csproj]
C:\Users\The Coder Farmer\Desktop\NovaBank\src\NovaBank.WinForms\FrmForgotPassword.cs(11,19): warning CS8632: Bo┼ş de─şer atanabilir ba┼şvuru t├╝rleri i├ğin ek a├ğ─▒klama kodda yaln─▒zca bir '#nullable' ek a├ğ─▒klama ba─şlam─▒ i├ğinde kullan─▒lmal─▒d─▒r. [C:\Users\The Coder Farmer\Desktop\NovaBank\src\NovaBank.WinForms\NovaBank.WinForms.csproj]
C:\Users\The Coder Farmer\Desktop\NovaBank\src\NovaBank.WinForms\Services\Session.cs(11,25): warning CS8632: Bo┼ş de─şer atanabilir ba┼şvuru t├╝rleri i├ğin ek a├ğ─▒klama kodda yaln─▒zca bir '#nullable' ek a├ğ─▒klama ba─şlam─▒ i├ğinde kullan─▒lmal─▒d─▒r. [C:\Users\The Coder Farmer\Desktop\NovaBank\src\NovaBank.WinForms\NovaBank.WinForms.csproj]
C:\Users\The Coder Farmer\Desktop\NovaBank\src\NovaBank.WinForms\Services\Session.cs(14,25): warning CS8632: Bo┼ş de─şer atanabilir ba┼şvuru t├╝rleri i├ğin ek a├ğ─▒klama kodda yaln─▒zca bir '#nullable' ek a├ğ─▒klama ba─şlam─▒ i├ğinde kullan─▒lmal─▒d─▒r. [C:\Users\The Coder Farmer\Desktop\NovaBank\src\NovaBank.WinForms\NovaBank.WinForms.csproj]
C:\Users\The Coder Farmer\Desktop\NovaBank\src\NovaBank.WinForms\FrmMain.cs(1279,21): warning CS8602: Olas─▒ bir null ba┼şvurunun ba┼şvurma i┼şlemi. [C:\Users\The Coder Farmer\Desktop\NovaBank\src\NovaBank.WinForms\NovaBank.WinForms.csproj]
C:\Users\The Coder Farmer\Desktop\NovaBank\src\NovaBank.WinForms\FrmMain.cs(1280,21): warning CS8602: Olas─▒ bir null ba┼şvurunun ba┼şvurma i┼şlemi. [C:\Users\The Coder Farmer\Desktop\NovaBank\src\NovaBank.WinForms\NovaBank.WinForms.csproj]
C:\Users\The Coder Farmer\Desktop\NovaBank\src\NovaBank.WinForms\FrmMain.cs(1284,21): warning CS8602: Olas─▒ bir null ba┼şvurunun ba┼şvurma i┼şlemi. [C:\Users\The Coder Farmer\Desktop\NovaBank\src\NovaBank.WinForms\NovaBank.WinForms.csproj]
C:\Users\The Coder Farmer\Desktop\NovaBank\src\NovaBank.WinForms\FrmMain.cs(1285,21): warning CS8602: Olas─▒ bir null ba┼şvurunun ba┼şvurma i┼şlemi. [C:\Users\The Coder Farmer\Desktop\NovaBank\src\NovaBank.WinForms\NovaBank.WinForms.csproj]
C:\Users\The Coder Farmer\Desktop\NovaBank\src\NovaBank.WinForms\FrmMain.cs(1289,21): warning CS8602: Olas─▒ bir null ba┼şvurunun ba┼şvurma i┼şlemi. [C:\Users\The Coder Farmer\Desktop\NovaBank\src\NovaBank.WinForms\NovaBank.WinForms.csproj]
C:\Users\The Coder Farmer\Desktop\NovaBank\src\NovaBank.WinForms\FrmMain.cs(1290,21): warning CS8602: Olas─▒ bir null ba┼şvurunun ba┼şvurma i┼şlemi. [C:\Users\The Coder Farmer\Desktop\NovaBank\src\NovaBank.WinForms\NovaBank.WinForms.csproj]
C:\Users\The Coder Farmer\Desktop\NovaBank\src\NovaBank.WinForms\FrmMain.cs(1294,21): warning CS8602: Olas─▒ bir null ba┼şvurunun ba┼şvurma i┼şlemi. [C:\Users\The Coder Farmer\Desktop\NovaBank\src\NovaBank.WinForms\NovaBank.WinForms.csproj]
C:\Users\The Coder Farmer\Desktop\NovaBank\src\NovaBank.WinForms\FrmMain.cs(1295,21): warning CS8602: Olas─▒ bir null ba┼şvurunun ba┼şvurma i┼şlemi. [C:\Users\The Coder Farmer\Desktop\NovaBank\src\NovaBank.WinForms\NovaBank.WinForms.csproj]
C:\Users\The Coder Farmer\Desktop\NovaBank\src\NovaBank.WinForms\FrmMain.cs(1296,21): warning CS8602: Olas─▒ bir null ba┼şvurunun ba┼şvurma i┼şlemi. [C:\Users\The Coder Farmer\Desktop\NovaBank\src\NovaBank.WinForms\NovaBank.WinForms.csproj]
C:\Users\The Coder Farmer\Desktop\NovaBank\src\NovaBank.WinForms\FrmMain.cs(1300,21): warning CS8602: Olas─▒ bir null ba┼şvurunun ba┼şvurma i┼şlemi. [C:\Users\The Coder Farmer\Desktop\NovaBank\src\NovaBank.WinForms\NovaBank.WinForms.csproj]
C:\Users\The Coder Farmer\Desktop\NovaBank\src\NovaBank.WinForms\FrmMain.cs(1301,21): warning CS8602: Olas─▒ bir null ba┼şvurunun ba┼şvurma i┼şlemi. [C:\Users\The Coder Farmer\Desktop\NovaBank\src\NovaBank.WinForms\NovaBank.WinForms.csproj]
C:\Users\The Coder Farmer\Desktop\NovaBank\src\NovaBank.WinForms\FrmMain.cs(1302,21): warning CS8602: Olas─▒ bir null ba┼şvurunun ba┼şvurma i┼şlemi. [C:\Users\The Coder Farmer\Desktop\NovaBank\src\NovaBank.WinForms\NovaBank.WinForms.csproj]
C:\Users\The Coder Farmer\Desktop\NovaBank\src\NovaBank.WinForms\FrmMain.cs(1306,21): warning CS8602: Olas─▒ bir null ba┼şvurunun ba┼şvurma i┼şlemi. [C:\Users\The Coder Farmer\Desktop\NovaBank\src\NovaBank.WinForms\NovaBank.WinForms.csproj]
C:\Users\The Coder Farmer\Desktop\NovaBank\src\NovaBank.WinForms\FrmMain.cs(1310,21): warning CS8602: Olas─▒ bir null ba┼şvurunun ba┼şvurma i┼şlemi. [C:\Users\The Coder Farmer\Desktop\NovaBank\src\NovaBank.WinForms\NovaBank.WinForms.csproj]
C:\Users\The Coder Farmer\Desktop\NovaBank\src\NovaBank.WinForms\FrmMain.cs(1337,24): warning CS1998: Bu zaman uyumsuz y├Ântemde 'await' i┼şle├ğleri yok ve zaman uyumlu ├ğal─▒┼şacak. 'await' i┼şlecini kullanarak engelleyici olmayan API ├ğa─şr─▒lar─▒n─▒ beklemeyi veya 'await Task.Run(...)' kullanarak bir arka plan i┼ş par├ğac─▒─ş─▒nda CPU ba─şlant─▒l─▒ i┼ş yapmay─▒ d├╝┼ş├╝n├╝n. [C:\Users\The Coder Farmer\Desktop\NovaBank\src\NovaBank.WinForms\NovaBank.WinForms.csproj]
C:\Users\The Coder Farmer\Desktop\NovaBank\src\NovaBank.WinForms\FrmMain.cs(1867,23): warning CS8602: Olas─▒ bir null ba┼şvurunun ba┼şvurma i┼şlemi. [C:\Users\The Coder Farmer\Desktop\NovaBank\src\NovaBank.WinForms\NovaBank.WinForms.csproj]
C:\Users\The Coder Farmer\Desktop\NovaBank\src\NovaBank.WinForms\FrmMain.cs(1918,23): warning CS8602: Olas─▒ bir null ba┼şvurunun ba┼şvurma i┼şlemi. [C:\Users\The Coder Farmer\Desktop\NovaBank\src\NovaBank.WinForms\NovaBank.WinForms.csproj]
C:\Users\The Coder Farmer\Desktop\NovaBank\src\NovaBank.WinForms\FrmMain.cs(1988,28): warning CS8602: Olas─▒ bir null ba┼şvurunun ba┼şvurma i┼şlemi. [C:\Users\The Coder Farmer\Desktop\NovaBank\src\NovaBank.WinForms\NovaBank.WinForms.csproj]
C:\Users\The Coder Farmer\Desktop\NovaBank\src\NovaBank.WinForms\FrmMain.cs(2028,27): warning CS8602: Olas─▒ bir null ba┼şvurunun ba┼şvurma i┼şlemi. [C:\Users\The Coder Farmer\Desktop\NovaBank\src\NovaBank.WinForms\NovaBank.WinForms.csproj]
C:\Users\The Coder Farmer\Desktop\NovaBank\src\NovaBank.WinForms\FrmMain.cs(2054,27): warning CS8602: Olas─▒ bir null ba┼şvurunun ba┼şvurma i┼şlemi. [C:\Users\The Coder Farmer\Desktop\NovaBank\src\NovaBank.WinForms\NovaBank.WinForms.csproj]
C:\Users\The Coder Farmer\Desktop\NovaBank\src\NovaBank.WinForms\FrmMain.cs(2092,27): warning CS8602: Olas─▒ bir null ba┼şvurunun ba┼şvurma i┼şlemi. [C:\Users\The Coder Farmer\Desktop\NovaBank\src\NovaBank.WinForms\NovaBank.WinForms.csproj]
C:\Users\The Coder Farmer\Desktop\NovaBank\src\NovaBank.WinForms\FrmMain.cs(2131,28): warning CS8602: Olas─▒ bir null ba┼şvurunun ba┼şvurma i┼şlemi. [C:\Users\The Coder Farmer\Desktop\NovaBank\src\NovaBank.WinForms\NovaBank.WinForms.csproj]
C:\Users\The Coder Farmer\Desktop\NovaBank\src\NovaBank.WinForms\FrmMain.cs(2165,28): warning CS8602: Olas─▒ bir null ba┼şvurunun ba┼şvurma i┼şlemi. [C:\Users\The Coder Farmer\Desktop\NovaBank\src\NovaBank.WinForms\NovaBank.WinForms.csproj]
C:\Users\The Coder Farmer\Desktop\NovaBank\src\NovaBank.WinForms\FrmMain.cs(2299,23): warning CS8602: Olas─▒ bir null ba┼şvurunun ba┼şvurma i┼şlemi. [C:\Users\The Coder Farmer\Desktop\NovaBank\src\NovaBank.WinForms\NovaBank.WinForms.csproj]
C:\Users\The Coder Farmer\Desktop\NovaBank\src\NovaBank.WinForms\FrmMain.cs(2370,27): warning CS8602: Olas─▒ bir null ba┼şvurunun ba┼şvurma i┼şlemi. [C:\Users\The Coder Farmer\Desktop\NovaBank\src\NovaBank.WinForms\NovaBank.WinForms.csproj]
C:\Users\The Coder Farmer\Desktop\NovaBank\src\NovaBank.WinForms\FrmMain.cs(2414,27): warning CS8602: Olas─▒ bir null ba┼şvurunun ba┼şvurma i┼şlemi. [C:\Users\The Coder Farmer\Desktop\NovaBank\src\NovaBank.WinForms\NovaBank.WinForms.csproj]
C:\Users\The Coder Farmer\Desktop\NovaBank\src\NovaBank.WinForms\FrmMain.cs(2809,17): warning CS8602: Olas─▒ bir null ba┼şvurunun ba┼şvurma i┼şlemi. [C:\Users\The Coder Farmer\Desktop\NovaBank\src\NovaBank.WinForms\NovaBank.WinForms.csproj]
C:\Users\The Coder Farmer\Desktop\NovaBank\src\NovaBank.WinForms\FrmMain.cs(3137,32): warning CS8602: Olas─▒ bir null ba┼şvurunun ba┼şvurma i┼şlemi. [C:\Users\The Coder Farmer\Desktop\NovaBank\src\NovaBank.WinForms\NovaBank.WinForms.csproj]
C:\Users\The Coder Farmer\Desktop\NovaBank\src\NovaBank.WinForms\FrmMain.cs(3194,29): warning CS8602: Olas─▒ bir null ba┼şvurunun ba┼şvurma i┼şlemi. [C:\Users\The Coder Farmer\Desktop\NovaBank\src\NovaBank.WinForms\NovaBank.WinForms.csproj]
C:\Users\The Coder Farmer\Desktop\NovaBank\src\NovaBank.WinForms\FrmMain.cs(3200,32): warning CS8602: Olas─▒ bir null ba┼şvurunun ba┼şvurma i┼şlemi. [C:\Users\The Coder Farmer\Desktop\NovaBank\src\NovaBank.WinForms\NovaBank.WinForms.csproj]
C:\Users\The Coder Farmer\Desktop\NovaBank\src\NovaBank.WinForms\FrmMain.cs(3289,24): warning CS1998: Bu zaman uyumsuz y├Ântemde 'await' i┼şle├ğleri yok ve zaman uyumlu ├ğal─▒┼şacak. 'await' i┼şlecini kullanarak engelleyici olmayan API ├ğa─şr─▒lar─▒n─▒ beklemeyi veya 'await Task.Run(...)' kullanarak bir arka plan i┼ş par├ğac─▒─ş─▒nda CPU ba─şlant─▒l─▒ i┼ş yapmay─▒ d├╝┼ş├╝n├╝n. [C:\Users\The Coder Farmer\Desktop\NovaBank\src\NovaBank.WinForms\NovaBank.WinForms.csproj]
C:\Users\The Coder Farmer\Desktop\NovaBank\src\NovaBank.WinForms\FrmMain.Designer.cs(77,51): warning CS0169: 'FrmMain.btnAdminUpdateStatus' alan─▒ hi├ğbir zaman kullan─▒lmaz [C:\Users\The Coder Farmer\Desktop\NovaBank\src\NovaBank.WinForms\NovaBank.WinForms.csproj]
C:\Users\The Coder Farmer\Desktop\NovaBank\src\NovaBank.WinForms\FrmMain.Designer.cs(111,48): warning CS0169: 'FrmMain.txtInstLogo' alan─▒ hi├ğbir zaman kullan─▒lmaz [C:\Users\The Coder Farmer\Desktop\NovaBank\src\NovaBank.WinForms\NovaBank.WinForms.csproj]
C:\Users\The Coder Farmer\Desktop\NovaBank\src\NovaBank.WinForms\FrmMain.Designer.cs(25,26): warning CS0169: 'FrmMain.pnlQuickSummary' alan─▒ hi├ğbir zaman kullan─▒lmaz [C:\Users\The Coder Farmer\Desktop\NovaBank\src\NovaBank.WinForms\NovaBank.WinForms.csproj]
C:\Users\The Coder Farmer\Desktop\NovaBank\src\NovaBank.WinForms\FrmMain.Designer.cs(77,26): warning CS0169: 'FrmMain.btnAdminUpdateOverdraft' alan─▒ hi├ğbir zaman kullan─▒lmaz [C:\Users\The Coder Farmer\Desktop\NovaBank\src\NovaBank.WinForms\NovaBank.WinForms.csproj]
C:\Users\The Coder Farmer\Desktop\NovaBank\src\NovaBank.WinForms\FrmMain.Designer.cs(79,26): warning CS0169: 'FrmMain.btnAdminSaveActive' alan─▒ hi├ğbir zaman kullan─▒lmaz [C:\Users\The Coder Farmer\Desktop\NovaBank\src\NovaBank.WinForms\NovaBank.WinForms.csproj]
C:\Users\The Coder Farmer\Desktop\NovaBank\src\NovaBank.WinForms\FrmMain.Designer.cs(16,40): warning CS0169: 'FrmMain.txtAccountNo' alan─▒ hi├ğbir zaman kullan─▒lmaz [C:\Users\The Coder Farmer\Desktop\NovaBank\src\NovaBank.WinForms\NovaBank.WinForms.csproj]
C:\Users\The Coder Farmer\Desktop\NovaBank\src\NovaBank.WinForms\FrmMain.Designer.cs(75,22): warning CS0649: 'FrmMain.txtAdminOverdraft' alan─▒ hi├ğbir zaman atanmaz ve her zaman varsay─▒lan null de─şerine sahip olur [C:\Users\The Coder Farmer\Desktop\NovaBank\src\NovaBank.WinForms\NovaBank.WinForms.csproj]
C:\Users\The Coder Farmer\Desktop\NovaBank\src\NovaBank.WinForms\FrmMain.Designer.cs(78,23): warning CS0649: 'FrmMain.chkAdminIsActive' alan─▒ hi├ğbir zaman atanmaz ve her zaman varsay─▒lan null de─şerine sahip olur [C:\Users\The Coder Farmer\Desktop\NovaBank\src\NovaBank.WinForms\NovaBank.WinForms.csproj]
C:\Users\The Coder Farmer\Desktop\NovaBank\src\NovaBank.WinForms\FrmMain.Designer.cs(91,23): warning CS0169: 'FrmMain.chkAdminIsApproved' alan─▒ hi├ğbir zaman kullan─▒lmaz [C:\Users\The Coder Farmer\Desktop\NovaBank\src\NovaBank.WinForms\NovaBank.WinForms.csproj]
C:\Users\The Coder Farmer\Desktop\NovaBank\src\NovaBank.WinForms\FrmMain.Designer.cs(79,46): warning CS0169: 'FrmMain.btnAdminResetPassword' alan─▒ hi├ğbir zaman kullan─▒lmaz [C:\Users\The Coder Farmer\Desktop\NovaBank\src\NovaBank.WinForms\NovaBank.WinForms.csproj]
C:\Users\The Coder Farmer\Desktop\NovaBank\src\NovaBank.WinForms\FrmMain.Designer.cs(76,26): warning CS0649: 'FrmMain.cmbAdminStatus' alan─▒ hi├ğbir zaman atanmaz ve her zaman varsay─▒lan null de─şerine sahip olur [C:\Users\The Coder Farmer\Desktop\NovaBank\src\NovaBank.WinForms\NovaBank.WinForms.csproj]
C:\Users\The Coder Farmer\Desktop\NovaBank\src\NovaBank.WinForms\FrmMain.Designer.cs(37,22): warning CS0169: 'FrmMain.txtToId' alan─▒ hi├ğbir zaman kullan─▒lmaz [C:\Users\The Coder Farmer\Desktop\NovaBank\src\NovaBank.WinForms\NovaBank.WinForms.csproj]
  NovaBank.WinForms -> C:\Users\The Coder Farmer\Desktop\NovaBank\src\NovaBank.WinForms\bin\Debug\net9.0-windows\NovaBank.WinForms.dll

Olu┼şturma ba┼şar─▒l─▒ oldu.

CSC : warning DX1000: For evaluation purposes only. Redistribution prohibited. Please purchase a license to continue use of the following DevExpress product libraries: DevExpress.Xtra*/DevExpress.Win* - Included in Subscriptions: Universal, DXperience, WinForms (devexpress.com/DX1000) [C:\Users\The Coder Farmer\Desktop\NovaBank\src\NovaBank.WinForms\NovaBank.WinForms.csproj]
C:\Users\The Coder Farmer\Desktop\NovaBank\src\NovaBank.WinForms\FrmAuth.cs(83,48): warning CS8632: Bo┼ş de─şer atanabilir ba┼şvuru t├╝rleri i├ğin ek a├ğ─▒klama kodda yaln─▒zca bir '#nullable' ek a├ğ─▒klama ba─şlam─▒ i├ğinde kullan─▒lmal─▒d─▒r. [C:\Users\The Coder Farmer\Desktop\NovaBank\src\NovaBank.WinForms\NovaBank.WinForms.csproj]
C:\Users\The Coder Farmer\Desktop\NovaBank\src\NovaBank.WinForms\FrmForgotPassword.cs(11,19): warning CS8632: Bo┼ş de─şer atanabilir ba┼şvuru t├╝rleri i├ğin ek a├ğ─▒klama kodda yaln─▒zca bir '#nullable' ek a├ğ─▒klama ba─şlam─▒ i├ğinde kullan─▒lmal─▒d─▒r. [C:\Users\The Coder Farmer\Desktop\NovaBank\src\NovaBank.WinForms\NovaBank.WinForms.csproj]
C:\Users\The Coder Farmer\Desktop\NovaBank\src\NovaBank.WinForms\Services\Session.cs(11,25): warning CS8632: Bo┼ş de─şer atanabilir ba┼şvuru t├╝rleri i├ğin ek a├ğ─▒klama kodda yaln─▒zca bir '#nullable' ek a├ğ─▒klama ba─şlam─▒ i├ğinde kullan─▒lmal─▒d─▒r. [C:\Users\The Coder Farmer\Desktop\NovaBank\src\NovaBank.WinForms\NovaBank.WinForms.csproj]
C:\Users\The Coder Farmer\Desktop\NovaBank\src\NovaBank.WinForms\Services\Session.cs(14,25): warning CS8632: Bo┼ş de─şer atanabilir ba┼şvuru t├╝rleri i├ğin ek a├ğ─▒klama kodda yaln─▒zca bir '#nullable' ek a├ğ─▒klama ba─şlam─▒ i├ğinde kullan─▒lmal─▒d─▒r. [C:\Users\The Coder Farmer\Desktop\NovaBank\src\NovaBank.WinForms\NovaBank.WinForms.csproj]
C:\Users\The Coder Farmer\Desktop\NovaBank\src\NovaBank.WinForms\FrmMain.cs(1279,21): warning CS8602: Olas─▒ bir null ba┼şvurunun ba┼şvurma i┼şlemi. [C:\Users\The Coder Farmer\Desktop\NovaBank\src\NovaBank.WinForms\NovaBank.WinForms.csproj]
C:\Users\The Coder Farmer\Desktop\NovaBank\src\NovaBank.WinForms\FrmMain.cs(1280,21): warning CS8602: Olas─▒ bir null ba┼şvurunun ba┼şvurma i┼şlemi. [C:\Users\The Coder Farmer\Desktop\NovaBank\src\NovaBank.WinForms\NovaBank.WinForms.csproj]
C:\Users\The Coder Farmer\Desktop\NovaBank\src\NovaBank.WinForms\FrmMain.cs(1284,21): warning CS8602: Olas─▒ bir null ba┼şvurunun ba┼şvurma i┼şlemi. [C:\Users\The Coder Farmer\Desktop\NovaBank\src\NovaBank.WinForms\NovaBank.WinForms.csproj]
C:\Users\The Coder Farmer\Desktop\NovaBank\src\NovaBank.WinForms\FrmMain.cs(1285,21): warning CS8602: Olas─▒ bir null ba┼şvurunun ba┼şvurma i┼şlemi. [C:\Users\The Coder Farmer\Desktop\NovaBank\src\NovaBank.WinForms\NovaBank.WinForms.csproj]
C:\Users\The Coder Farmer\Desktop\NovaBank\src\NovaBank.WinForms\FrmMain.cs(1289,21): warning CS8602: Olas─▒ bir null ba┼şvurunun ba┼şvurma i┼şlemi. [C:\Users\The Coder Farmer\Desktop\NovaBank\src\NovaBank.WinForms\NovaBank.WinForms.csproj]
C:\Users\The Coder Farmer\Desktop\NovaBank\src\NovaBank.WinForms\FrmMain.cs(1290,21): warning CS8602: Olas─▒ bir null ba┼şvurunun ba┼şvurma i┼şlemi. [C:\Users\The Coder Farmer\Desktop\NovaBank\src\NovaBank.WinForms\NovaBank.WinForms.csproj]
C:\Users\The Coder Farmer\Desktop\NovaBank\src\NovaBank.WinForms\FrmMain.cs(1294,21): warning CS8602: Olas─▒ bir null ba┼şvurunun ba┼şvurma i┼şlemi. [C:\Users\The Coder Farmer\Desktop\NovaBank\src\NovaBank.WinForms\NovaBank.WinForms.csproj]
C:\Users\The Coder Farmer\Desktop\NovaBank\src\NovaBank.WinForms\FrmMain.cs(1295,21): warning CS8602: Olas─▒ bir null ba┼şvurunun ba┼şvurma i┼şlemi. [C:\Users\The Coder Farmer\Desktop\NovaBank\src\NovaBank.WinForms\NovaBank.WinForms.csproj]
C:\Users\The Coder Farmer\Desktop\NovaBank\src\NovaBank.WinForms\FrmMain.cs(1296,21): warning CS8602: Olas─▒ bir null ba┼şvurunun ba┼şvurma i┼şlemi. [C:\Users\The Coder Farmer\Desktop\NovaBank\src\NovaBank.WinForms\NovaBank.WinForms.csproj]
C:\Users\The Coder Farmer\Desktop\NovaBank\src\NovaBank.WinForms\FrmMain.cs(1300,21): warning CS8602: Olas─▒ bir null ba┼şvurunun ba┼şvurma i┼şlemi. [C:\Users\The Coder Farmer\Desktop\NovaBank\src\NovaBank.WinForms\NovaBank.WinForms.csproj]
C:\Users\The Coder Farmer\Desktop\NovaBank\src\NovaBank.WinForms\FrmMain.cs(1301,21): warning CS8602: Olas─▒ bir null ba┼şvurunun ba┼şvurma i┼şlemi. [C:\Users\The Coder Farmer\Desktop\NovaBank\src\NovaBank.WinForms\NovaBank.WinForms.csproj]
C:\Users\The Coder Farmer\Desktop\NovaBank\src\NovaBank.WinForms\FrmMain.cs(1302,21): warning CS8602: Olas─▒ bir null ba┼şvurunun ba┼şvurma i┼şlemi. [C:\Users\The Coder Farmer\Desktop\NovaBank\src\NovaBank.WinForms\NovaBank.WinForms.csproj]
C:\Users\The Coder Farmer\Desktop\NovaBank\src\NovaBank.WinForms\FrmMain.cs(1306,21): warning CS8602: Olas─▒ bir null ba┼şvurunun ba┼şvurma i┼şlemi. [C:\Users\The Coder Farmer\Desktop\NovaBank\src\NovaBank.WinForms\NovaBank.WinForms.csproj]
C:\Users\The Coder Farmer\Desktop\NovaBank\src\NovaBank.WinForms\FrmMain.cs(1310,21): warning CS8602: Olas─▒ bir null ba┼şvurunun ba┼şvurma i┼şlemi. [C:\Users\The Coder Farmer\Desktop\NovaBank\src\NovaBank.WinForms\NovaBank.WinForms.csproj]
C:\Users\The Coder Farmer\Desktop\NovaBank\src\NovaBank.WinForms\FrmMain.cs(1337,24): warning CS1998: Bu zaman uyumsuz y├Ântemde 'await' i┼şle├ğleri yok ve zaman uyumlu ├ğal─▒┼şacak. 'await' i┼şlecini kullanarak engelleyici olmayan API ├ğa─şr─▒lar─▒n─▒ beklemeyi veya 'await Task.Run(...)' kullanarak bir arka plan i┼ş par├ğac─▒─ş─▒nda CPU ba─şlant─▒l─▒ i┼ş yapmay─▒ d├╝┼ş├╝n├╝n. [C:\Users\The Coder Farmer\Desktop\NovaBank\src\NovaBank.WinForms\NovaBank.WinForms.csproj]
C:\Users\The Coder Farmer\Desktop\NovaBank\src\NovaBank.WinForms\FrmMain.cs(1867,23): warning CS8602: Olas─▒ bir null ba┼şvurunun ba┼şvurma i┼şlemi. [C:\Users\The Coder Farmer\Desktop\NovaBank\src\NovaBank.WinForms\NovaBank.WinForms.csproj]
C:\Users\The Coder Farmer\Desktop\NovaBank\src\NovaBank.WinForms\FrmMain.cs(1918,23): warning CS8602: Olas─▒ bir null ba┼şvurunun ba┼şvurma i┼şlemi. [C:\Users\The Coder Farmer\Desktop\NovaBank\src\NovaBank.WinForms\NovaBank.WinForms.csproj]
C:\Users\The Coder Farmer\Desktop\NovaBank\src\NovaBank.WinForms\FrmMain.cs(1988,28): warning CS8602: Olas─▒ bir null ba┼şvurunun ba┼şvurma i┼şlemi. [C:\Users\The Coder Farmer\Desktop\NovaBank\src\NovaBank.WinForms\NovaBank.WinForms.csproj]
C:\Users\The Coder Farmer\Desktop\NovaBank\src\NovaBank.WinForms\FrmMain.cs(2028,27): warning CS8602: Olas─▒ bir null ba┼şvurunun ba┼şvurma i┼şlemi. [C:\Users\The Coder Farmer\Desktop\NovaBank\src\NovaBank.WinForms\NovaBank.WinForms.csproj]
C:\Users\The Coder Farmer\Desktop\NovaBank\src\NovaBank.WinForms\FrmMain.cs(2054,27): warning CS8602: Olas─▒ bir null ba┼şvurunun ba┼şvurma i┼şlemi. [C:\Users\The Coder Farmer\Desktop\NovaBank\src\NovaBank.WinForms\NovaBank.WinForms.csproj]
C:\Users\The Coder Farmer\Desktop\NovaBank\src\NovaBank.WinForms\FrmMain.cs(2092,27): warning CS8602: Olas─▒ bir null ba┼şvurunun ba┼şvurma i┼şlemi. [C:\Users\The Coder Farmer\Desktop\NovaBank\src\NovaBank.WinForms\NovaBank.WinForms.csproj]
C:\Users\The Coder Farmer\Desktop\NovaBank\src\NovaBank.WinForms\FrmMain.cs(2131,28): warning CS8602: Olas─▒ bir null ba┼şvurunun ba┼şvurma i┼şlemi. [C:\Users\The Coder Farmer\Desktop\NovaBank\src\NovaBank.WinForms\NovaBank.WinForms.csproj]
C:\Users\The Coder Farmer\Desktop\NovaBank\src\NovaBank.WinForms\FrmMain.cs(2165,28): warning CS8602: Olas─▒ bir null ba┼şvurunun ba┼şvurma i┼şlemi. [C:\Users\The Coder Farmer\Desktop\NovaBank\src\NovaBank.WinForms\NovaBank.WinForms.csproj]
C:\Users\The Coder Farmer\Desktop\NovaBank\src\NovaBank.WinForms\FrmMain.cs(2299,23): warning CS8602: Olas─▒ bir null ba┼şvurunun ba┼şvurma i┼şlemi. [C:\Users\The Coder Farmer\Desktop\NovaBank\src\NovaBank.WinForms\NovaBank.WinForms.csproj]
C:\Users\The Coder Farmer\Desktop\NovaBank\src\NovaBank.WinForms\FrmMain.cs(2370,27): warning CS8602: Olas─▒ bir null ba┼şvurunun ba┼şvurma i┼şlemi. [C:\Users\The Coder Farmer\Desktop\NovaBank\src\NovaBank.WinForms\NovaBank.WinForms.csproj]
C:\Users\The Coder Farmer\Desktop\NovaBank\src\NovaBank.WinForms\FrmMain.cs(2414,27): warning CS8602: Olas─▒ bir null ba┼şvurunun ba┼şvurma i┼şlemi. [C:\Users\The Coder Farmer\Desktop\NovaBank\src\NovaBank.WinForms\NovaBank.WinForms.csproj]
C:\Users\The Coder Farmer\Desktop\NovaBank\src\NovaBank.WinForms\FrmMain.cs(2809,17): warning CS8602: Olas─▒ bir null ba┼şvurunun ba┼şvurma i┼şlemi. [C:\Users\The Coder Farmer\Desktop\NovaBank\src\NovaBank.WinForms\NovaBank.WinForms.csproj]
C:\Users\The Coder Farmer\Desktop\NovaBank\src\NovaBank.WinForms\FrmMain.cs(3137,32): warning CS8602: Olas─▒ bir null ba┼şvurunun ba┼şvurma i┼şlemi. [C:\Users\The Coder Farmer\Desktop\NovaBank\src\NovaBank.WinForms\NovaBank.WinForms.csproj]
C:\Users\The Coder Farmer\Desktop\NovaBank\src\NovaBank.WinForms\FrmMain.cs(3194,29): warning CS8602: Olas─▒ bir null ba┼şvurunun ba┼şvurma i┼şlemi. [C:\Users\The Coder Farmer\Desktop\NovaBank\src\NovaBank.WinForms\NovaBank.WinForms.csproj]
C:\Users\The Coder Farmer\Desktop\NovaBank\src\NovaBank.WinForms\FrmMain.cs(3200,32): warning CS8602: Olas─▒ bir null ba┼şvurunun ba┼şvurma i┼şlemi. [C:\Users\The Coder Farmer\Desktop\NovaBank\src\NovaBank.WinForms\NovaBank.WinForms.csproj]
C:\Users\The Coder Farmer\Desktop\NovaBank\src\NovaBank.WinForms\FrmMain.cs(3289,24): warning CS1998: Bu zaman uyumsuz y├Ântemde 'await' i┼şle├ğleri yok ve zaman uyumlu ├ğal─▒┼şacak. 'await' i┼şlecini kullanarak engelleyici olmayan API ├ğa─şr─▒lar─▒n─▒ beklemeyi veya 'await Task.Run(...)' kullanarak bir arka plan i┼ş par├ğac─▒─ş─▒nda CPU ba─şlant─▒l─▒ i┼ş yapmay─▒ d├╝┼ş├╝n├╝n. [C:\Users\The Coder Farmer\Desktop\NovaBank\src\NovaBank.WinForms\NovaBank.WinForms.csproj]
C:\Users\The Coder Farmer\Desktop\NovaBank\src\NovaBank.WinForms\FrmMain.Designer.cs(77,51): warning CS0169: 'FrmMain.btnAdminUpdateStatus' alan─▒ hi├ğbir zaman kullan─▒lmaz [C:\Users\The Coder Farmer\Desktop\NovaBank\src\NovaBank.WinForms\NovaBank.WinForms.csproj]
C:\Users\The Coder Farmer\Desktop\NovaBank\src\NovaBank.WinForms\FrmMain.Designer.cs(111,48): warning CS0169: 'FrmMain.txtInstLogo' alan─▒ hi├ğbir zaman kullan─▒lmaz [C:\Users\The Coder Farmer\Desktop\NovaBank\src\NovaBank.WinForms\NovaBank.WinForms.csproj]
C:\Users\The Coder Farmer\Desktop\NovaBank\src\NovaBank.WinForms\FrmMain.Designer.cs(25,26): warning CS0169: 'FrmMain.pnlQuickSummary' alan─▒ hi├ğbir zaman kullan─▒lmaz [C:\Users\The Coder Farmer\Desktop\NovaBank\src\NovaBank.WinForms\NovaBank.WinForms.csproj]
C:\Users\The Coder Farmer\Desktop\NovaBank\src\NovaBank.WinForms\FrmMain.Designer.cs(77,26): warning CS0169: 'FrmMain.btnAdminUpdateOverdraft' alan─▒ hi├ğbir zaman kullan─▒lmaz [C:\Users\The Coder Farmer\Desktop\NovaBank\src\NovaBank.WinForms\NovaBank.WinForms.csproj]
C:\Users\The Coder Farmer\Desktop\NovaBank\src\NovaBank.WinForms\FrmMain.Designer.cs(79,26): warning CS0169: 'FrmMain.btnAdminSaveActive' alan─▒ hi├ğbir zaman kullan─▒lmaz [C:\Users\The Coder Farmer\Desktop\NovaBank\src\NovaBank.WinForms\NovaBank.WinForms.csproj]
C:\Users\The Coder Farmer\Desktop\NovaBank\src\NovaBank.WinForms\FrmMain.Designer.cs(16,40): warning CS0169: 'FrmMain.txtAccountNo' alan─▒ hi├ğbir zaman kullan─▒lmaz [C:\Users\The Coder Farmer\Desktop\NovaBank\src\NovaBank.WinForms\NovaBank.WinForms.csproj]
C:\Users\The Coder Farmer\Desktop\NovaBank\src\NovaBank.WinForms\FrmMain.Designer.cs(75,22): warning CS0649: 'FrmMain.txtAdminOverdraft' alan─▒ hi├ğbir zaman atanmaz ve her zaman varsay─▒lan null de─şerine sahip olur [C:\Users\The Coder Farmer\Desktop\NovaBank\src\NovaBank.WinForms\NovaBank.WinForms.csproj]
C:\Users\The Coder Farmer\Desktop\NovaBank\src\NovaBank.WinForms\FrmMain.Designer.cs(78,23): warning CS0649: 'FrmMain.chkAdminIsActive' alan─▒ hi├ğbir zaman atanmaz ve her zaman varsay─▒lan null de─şerine sahip olur [C:\Users\The Coder Farmer\Desktop\NovaBank\src\NovaBank.WinForms\NovaBank.WinForms.csproj]
C:\Users\The Coder Farmer\Desktop\NovaBank\src\NovaBank.WinForms\FrmMain.Designer.cs(91,23): warning CS0169: 'FrmMain.chkAdminIsApproved' alan─▒ hi├ğbir zaman kullan─▒lmaz [C:\Users\The Coder Farmer\Desktop\NovaBank\src\NovaBank.WinForms\NovaBank.WinForms.csproj]
C:\Users\The Coder Farmer\Desktop\NovaBank\src\NovaBank.WinForms\FrmMain.Designer.cs(79,46): warning CS0169: 'FrmMain.btnAdminResetPassword' alan─▒ hi├ğbir zaman kullan─▒lmaz [C:\Users\The Coder Farmer\Desktop\NovaBank\src\NovaBank.WinForms\NovaBank.WinForms.csproj]
C:\Users\The Coder Farmer\Desktop\NovaBank\src\NovaBank.WinForms\FrmMain.Designer.cs(76,26): warning CS0649: 'FrmMain.cmbAdminStatus' alan─▒ hi├ğbir zaman atanmaz ve her zaman varsay─▒lan null de─şerine sahip olur [C:\Users\The Coder Farmer\Desktop\NovaBank\src\NovaBank.WinForms\NovaBank.WinForms.csproj]
C:\Users\The Coder Farmer\Desktop\NovaBank\src\NovaBank.WinForms\FrmMain.Designer.cs(37,22): warning CS0169: 'FrmMain.txtToId' alan─▒ hi├ğbir zaman kullan─▒lmaz [C:\Users\The Coder Farmer\Desktop\NovaBank\src\NovaBank.WinForms\NovaBank.WinForms.csproj]
    48 Uyar─▒
    0 Hata

Ge├ğen S├╝re 00:00:02.10
