  Geri y├╝klenecek projeler belirleniyor...
  Geri y├╝kleme i├ğin t├╝m projeler g├╝ncel.
  NovaBank.Core -> C:\Users\The Coder Farmer\Desktop\NovaBank\src\NovaBank.Core\bin\Debug\net9.0\NovaBank.Core.dll
  NovaBank.Contracts -> C:\Users\The Coder Farmer\Desktop\NovaBank\src\NovaBank.Contracts\bin\Debug\net9.0\NovaBank.Contracts.dll
CSC : warning DX1000: For evaluation purposes only. Redistribution prohibited. Please purchase a license to continue use of the following DevExpress product libraries: DevExpress.Xtra*/DevExpress.Win* - Included in Subscriptions: Universal, DXperience, WinForms (devexpress.com/DX1000) [C:\Users\The Coder Farmer\Desktop\NovaBank\src\NovaBank.WinForms\NovaBank.WinForms.csproj]
C:\Users\The Coder Farmer\Desktop\NovaBank\src\NovaBank.WinForms\FrmAuth.cs(83,48): warning CS8632: Bo┼ş de─şer atanabilir ba┼şvuru t├╝rleri i├ğin ek a├ğ─▒klama kodda yaln─▒zca bir '#nullable' ek a├ğ─▒klama ba─şlam─▒ i├ğinde kullan─▒lmal─▒d─▒r. [C:\Users\The Coder Farmer\Desktop\NovaBank\src\NovaBank.WinForms\NovaBank.WinForms.csproj]
C:\Users\The Coder Farmer\Desktop\NovaBank\src\NovaBank.WinForms\FrmForgotPassword.cs(11,19): warning CS8632: Bo┼ş de─şer atanabilir ba┼şvuru t├╝rleri i├ğin ek a├ğ─▒klama kodda yaln─▒zca bir '#nullable' ek a├ğ─▒klama ba─şlam─▒ i├ğinde kullan─▒lmal─▒d─▒r. [C:\Users\The Coder Farmer\Desktop\NovaBank\src\NovaBank.WinForms\NovaBank.WinForms.csproj]
C:\Users\The Coder Farmer\Desktop\NovaBank\src\NovaBank.WinForms\Services\Session.cs(11,25): warning CS8632: Bo┼ş de─şer atanabilir ba┼şvuru t├╝rleri i├ğin ek a├ğ─▒klama kodda yaln─▒zca bir '#nullable' ek a├ğ─▒klama ba─şlam─▒ i├ğinde kullan─▒lmal─▒d─▒r. [C:\Users\The Coder Farmer\Desktop\NovaBank\src\NovaBank.WinForms\NovaBank.WinForms.csproj]
C:\Users\The Coder Farmer\Desktop\NovaBank\src\NovaBank.WinForms\Services\Session.cs(14,25): warning CS8632: Bo┼ş de─şer atanabilir ba┼şvuru t├╝rleri i├ğin ek a├ğ─▒klama kodda yaln─▒zca bir '#nullable' ek a├ğ─▒klama ba─şlam─▒ i├ğinde kullan─▒lmal─▒d─▒r. [C:\Users\The Coder Farmer\Desktop\NovaBank\src\NovaBank.WinForms\NovaBank.WinForms.csproj]
C:\Users\The Coder Farmer\Desktop\NovaBank\src\NovaBank.WinForms\FrmMain.cs(1336,75): error CS1503: 1 ba─ş─▒ms─▒z de─şi┼şkeni: 'decimal?' ├Â─şesinden 'decimal' ├Â─şesine d├Ân├╝┼şt├╝r├╝lemiyor [C:\Users\The Coder Farmer\Desktop\NovaBank\src\NovaBank.WinForms\NovaBank.WinForms.csproj]
C:\Users\The Coder Farmer\Desktop\NovaBank\src\NovaBank.WinForms\FrmMain.cs(1336,93): error CS1503: 2 ba─ş─▒ms─▒z de─şi┼şkeni: 'decimal?' ├Â─şesinden 'decimal' ├Â─şesine d├Ân├╝┼şt├╝r├╝lemiyor [C:\Users\The Coder Farmer\Desktop\NovaBank\src\NovaBank.WinForms\NovaBank.WinForms.csproj]
C:\Users\The Coder Farmer\Desktop\NovaBank\src\NovaBank.WinForms\FrmMain.cs(1357,21): warning CS8602: Olas─▒ bir null ba┼şvurunun ba┼şvurma i┼şlemi. [C:\Users\The Coder Farmer\Desktop\NovaBank\src\NovaBank.WinForms\NovaBank.WinForms.csproj]
C:\Users\The Coder Farmer\Desktop\NovaBank\src\NovaBank.WinForms\FrmMain.cs(1358,21): warning CS8602: Olas─▒ bir null ba┼şvurunun ba┼şvurma i┼şlemi. [C:\Users\The Coder Farmer\Desktop\NovaBank\src\NovaBank.WinForms\NovaBank.WinForms.csproj]
C:\Users\The Coder Farmer\Desktop\NovaBank\src\NovaBank.WinForms\FrmMain.cs(1362,21): warning CS8602: Olas─▒ bir null ba┼şvurunun ba┼şvurma i┼şlemi. [C:\Users\The Coder Farmer\Desktop\NovaBank\src\NovaBank.WinForms\NovaBank.WinForms.csproj]
C:\Users\The Coder Farmer\Desktop\NovaBank\src\NovaBank.WinForms\FrmMain.cs(1363,21): warning CS8602: Olas─▒ bir null ba┼şvurunun ba┼şvurma i┼şlemi. [C:\Users\The Coder Farmer\Desktop\NovaBank\src\NovaBank.WinForms\NovaBank.WinForms.csproj]
C:\Users\The Coder Farmer\Desktop\NovaBank\src\NovaBank.WinForms\FrmMain.cs(1367,21): warning CS8602: Olas─▒ bir null ba┼şvurunun ba┼şvurma i┼şlemi. [C:\Users\The Coder Farmer\Desktop\NovaBank\src\NovaBank.WinForms\NovaBank.WinForms.csproj]
C:\Users\The Coder Farmer\Desktop\NovaBank\src\NovaBank.WinForms\FrmMain.cs(1368,21): warning CS8602: Olas─▒ bir null ba┼şvurunun ba┼şvurma i┼şlemi. [C:\Users\The Coder Farmer\Desktop\NovaBank\src\NovaBank.WinForms\NovaBank.WinForms.csproj]
C:\Users\The Coder Farmer\Desktop\NovaBank\src\NovaBank.WinForms\FrmMain.cs(1372,21): warning CS8602: Olas─▒ bir null ba┼şvurunun ba┼şvurma i┼şlemi. [C:\Users\The Coder Farmer\Desktop\NovaBank\src\NovaBank.WinForms\NovaBank.WinForms.csproj]
C:\Users\The Coder Farmer\Desktop\NovaBank\src\NovaBank.WinForms\FrmMain.cs(1373,21): warning CS8602: Olas─▒ bir null ba┼şvurunun ba┼şvurma i┼şlemi. [C:\Users\The Coder Farmer\Desktop\NovaBank\src\NovaBank.WinForms\NovaBank.WinForms.csproj]
C:\Users\The Coder Farmer\Desktop\NovaBank\src\NovaBank.WinForms\FrmMain.cs(1374,21): warning CS8602: Olas─▒ bir null ba┼şvurunun ba┼şvurma i┼şlemi. [C:\Users\The Coder Farmer\Desktop\NovaBank\src\NovaBank.WinForms\NovaBank.WinForms.csproj]
C:\Users\The Coder Farmer\Desktop\NovaBank\src\NovaBank.WinForms\FrmMain.cs(1378,21): warning CS8602: Olas─▒ bir null ba┼şvurunun ba┼şvurma i┼şlemi. [C:\Users\The Coder Farmer\Desktop\NovaBank\src\NovaBank.WinForms\NovaBank.WinForms.csproj]
C:\Users\The Coder Farmer\Desktop\NovaBank\src\NovaBank.WinForms\FrmMain.cs(1379,21): warning CS8602: Olas─▒ bir null ba┼şvurunun ba┼şvurma i┼şlemi. [C:\Users\The Coder Farmer\Desktop\NovaBank\src\NovaBank.WinForms\NovaBank.WinForms.csproj]
C:\Users\The Coder Farmer\Desktop\NovaBank\src\NovaBank.WinForms\FrmMain.cs(1380,21): warning CS8602: Olas─▒ bir null ba┼şvurunun ba┼şvurma i┼şlemi. [C:\Users\The Coder Farmer\Desktop\NovaBank\src\NovaBank.WinForms\NovaBank.WinForms.csproj]
C:\Users\The Coder Farmer\Desktop\NovaBank\src\NovaBank.WinForms\FrmMain.cs(1384,21): warning CS8602: Olas─▒ bir null ba┼şvurunun ba┼şvurma i┼şlemi. [C:\Users\The Coder Farmer\Desktop\NovaBank\src\NovaBank.WinForms\NovaBank.WinForms.csproj]
C:\Users\The Coder Farmer\Desktop\NovaBank\src\NovaBank.WinForms\FrmMain.cs(1388,21): warning CS8602: Olas─▒ bir null ba┼şvurunun ba┼şvurma i┼şlemi. [C:\Users\The Coder Farmer\Desktop\NovaBank\src\NovaBank.WinForms\NovaBank.WinForms.csproj]
C:\Users\The Coder Farmer\Desktop\NovaBank\src\NovaBank.WinForms\FrmMain.cs(1415,24): warning CS1998: Bu zaman uyumsuz y├Ântemde 'await' i┼şle├ğleri yok ve zaman uyumlu ├ğal─▒┼şacak. 'await' i┼şlecini kullanarak engelleyici olmayan API ├ğa─şr─▒lar─▒n─▒ beklemeyi veya 'await Task.Run(...)' kullanarak bir arka plan i┼ş par├ğac─▒─ş─▒nda CPU ba─şlant─▒l─▒ i┼ş yapmay─▒ d├╝┼ş├╝n├╝n. [C:\Users\The Coder Farmer\Desktop\NovaBank\src\NovaBank.WinForms\NovaBank.WinForms.csproj]
C:\Users\The Coder Farmer\Desktop\NovaBank\src\NovaBank.WinForms\FrmMain.cs(1945,23): warning CS8602: Olas─▒ bir null ba┼şvurunun ba┼şvurma i┼şlemi. [C:\Users\The Coder Farmer\Desktop\NovaBank\src\NovaBank.WinForms\NovaBank.WinForms.csproj]
C:\Users\The Coder Farmer\Desktop\NovaBank\src\NovaBank.WinForms\FrmMain.cs(1996,23): warning CS8602: Olas─▒ bir null ba┼şvurunun ba┼şvurma i┼şlemi. [C:\Users\The Coder Farmer\Desktop\NovaBank\src\NovaBank.WinForms\NovaBank.WinForms.csproj]
C:\Users\The Coder Farmer\Desktop\NovaBank\src\NovaBank.WinForms\FrmMain.cs(2066,28): warning CS8602: Olas─▒ bir null ba┼şvurunun ba┼şvurma i┼şlemi. [C:\Users\The Coder Farmer\Desktop\NovaBank\src\NovaBank.WinForms\NovaBank.WinForms.csproj]
C:\Users\The Coder Farmer\Desktop\NovaBank\src\NovaBank.WinForms\FrmMain.cs(2106,27): warning CS8602: Olas─▒ bir null ba┼şvurunun ba┼şvurma i┼şlemi. [C:\Users\The Coder Farmer\Desktop\NovaBank\src\NovaBank.WinForms\NovaBank.WinForms.csproj]
C:\Users\The Coder Farmer\Desktop\NovaBank\src\NovaBank.WinForms\FrmMain.cs(2132,27): warning CS8602: Olas─▒ bir null ba┼şvurunun ba┼şvurma i┼şlemi. [C:\Users\The Coder Farmer\Desktop\NovaBank\src\NovaBank.WinForms\NovaBank.WinForms.csproj]
C:\Users\The Coder Farmer\Desktop\NovaBank\src\NovaBank.WinForms\FrmMain.cs(2170,27): warning CS8602: Olas─▒ bir null ba┼şvurunun ba┼şvurma i┼şlemi. [C:\Users\The Coder Farmer\Desktop\NovaBank\src\NovaBank.WinForms\NovaBank.WinForms.csproj]
C:\Users\The Coder Farmer\Desktop\NovaBank\src\NovaBank.WinForms\FrmMain.cs(2209,28): warning CS8602: Olas─▒ bir null ba┼şvurunun ba┼şvurma i┼şlemi. [C:\Users\The Coder Farmer\Desktop\NovaBank\src\NovaBank.WinForms\NovaBank.WinForms.csproj]
C:\Users\The Coder Farmer\Desktop\NovaBank\src\NovaBank.WinForms\FrmMain.cs(2243,28): warning CS8602: Olas─▒ bir null ba┼şvurunun ba┼şvurma i┼şlemi. [C:\Users\The Coder Farmer\Desktop\NovaBank\src\NovaBank.WinForms\NovaBank.WinForms.csproj]
C:\Users\The Coder Farmer\Desktop\NovaBank\src\NovaBank.WinForms\FrmMain.cs(2377,23): warning CS8602: Olas─▒ bir null ba┼şvurunun ba┼şvurma i┼şlemi. [C:\Users\The Coder Farmer\Desktop\NovaBank\src\NovaBank.WinForms\NovaBank.WinForms.csproj]
C:\Users\The Coder Farmer\Desktop\NovaBank\src\NovaBank.WinForms\FrmMain.cs(2448,27): warning CS8602: Olas─▒ bir null ba┼şvurunun ba┼şvurma i┼şlemi. [C:\Users\The Coder Farmer\Desktop\NovaBank\src\NovaBank.WinForms\NovaBank.WinForms.csproj]
C:\Users\The Coder Farmer\Desktop\NovaBank\src\NovaBank.WinForms\FrmMain.cs(2492,27): warning CS8602: Olas─▒ bir null ba┼şvurunun ba┼şvurma i┼şlemi. [C:\Users\The Coder Farmer\Desktop\NovaBank\src\NovaBank.WinForms\NovaBank.WinForms.csproj]
C:\Users\The Coder Farmer\Desktop\NovaBank\src\NovaBank.WinForms\FrmMain.cs(2823,17): warning CS8602: Olas─▒ bir null ba┼şvurunun ba┼şvurma i┼şlemi. [C:\Users\The Coder Farmer\Desktop\NovaBank\src\NovaBank.WinForms\NovaBank.WinForms.csproj]
C:\Users\The Coder Farmer\Desktop\NovaBank\src\NovaBank.WinForms\FrmMain.cs(3151,32): warning CS8602: Olas─▒ bir null ba┼şvurunun ba┼şvurma i┼şlemi. [C:\Users\The Coder Farmer\Desktop\NovaBank\src\NovaBank.WinForms\NovaBank.WinForms.csproj]
C:\Users\The Coder Farmer\Desktop\NovaBank\src\NovaBank.WinForms\FrmMain.cs(3208,29): warning CS8602: Olas─▒ bir null ba┼şvurunun ba┼şvurma i┼şlemi. [C:\Users\The Coder Farmer\Desktop\NovaBank\src\NovaBank.WinForms\NovaBank.WinForms.csproj]
C:\Users\The Coder Farmer\Desktop\NovaBank\src\NovaBank.WinForms\FrmMain.cs(3214,32): warning CS8602: Olas─▒ bir null ba┼şvurunun ba┼şvurma i┼şlemi. [C:\Users\The Coder Farmer\Desktop\NovaBank\src\NovaBank.WinForms\NovaBank.WinForms.csproj]
C:\Users\The Coder Farmer\Desktop\NovaBank\src\NovaBank.WinForms\FrmMain.cs(3303,24): warning CS1998: Bu zaman uyumsuz y├Ântemde 'await' i┼şle├ğleri yok ve zaman uyumlu ├ğal─▒┼şacak. 'await' i┼şlecini kullanarak engelleyici olmayan API ├ğa─şr─▒lar─▒n─▒ beklemeyi veya 'await Task.Run(...)' kullanarak bir arka plan i┼ş par├ğac─▒─ş─▒nda CPU ba─şlant─▒l─▒ i┼ş yapmay─▒ d├╝┼ş├╝n├╝n. [C:\Users\The Coder Farmer\Desktop\NovaBank\src\NovaBank.WinForms\NovaBank.WinForms.csproj]
C:\Users\The Coder Farmer\Desktop\NovaBank\src\NovaBank.WinForms\FrmMain.Designer.cs(70,26): warning CS0169: 'FrmMain.btnAdminUpdateOverdraft' alan─▒ hi├ğbir zaman kullan─▒lmaz [C:\Users\The Coder Farmer\Desktop\NovaBank\src\NovaBank.WinForms\NovaBank.WinForms.csproj]
C:\Users\The Coder Farmer\Desktop\NovaBank\src\NovaBank.WinForms\FrmMain.Designer.cs(70,51): warning CS0169: 'FrmMain.btnAdminUpdateStatus' alan─▒ hi├ğbir zaman kullan─▒lmaz [C:\Users\The Coder Farmer\Desktop\NovaBank\src\NovaBank.WinForms\NovaBank.WinForms.csproj]
C:\Users\The Coder Farmer\Desktop\NovaBank\src\NovaBank.WinForms\FrmMain.Designer.cs(16,40): warning CS0169: 'FrmMain.txtAccountNo' alan─▒ hi├ğbir zaman kullan─▒lmaz [C:\Users\The Coder Farmer\Desktop\NovaBank\src\NovaBank.WinForms\NovaBank.WinForms.csproj]
C:\Users\The Coder Farmer\Desktop\NovaBank\src\NovaBank.WinForms\FrmMain.Designer.cs(104,48): warning CS0169: 'FrmMain.txtInstLogo' alan─▒ hi├ğbir zaman kullan─▒lmaz [C:\Users\The Coder Farmer\Desktop\NovaBank\src\NovaBank.WinForms\NovaBank.WinForms.csproj]
C:\Users\The Coder Farmer\Desktop\NovaBank\src\NovaBank.WinForms\FrmMain.Designer.cs(72,46): warning CS0169: 'FrmMain.btnAdminResetPassword' alan─▒ hi├ğbir zaman kullan─▒lmaz [C:\Users\The Coder Farmer\Desktop\NovaBank\src\NovaBank.WinForms\NovaBank.WinForms.csproj]
C:\Users\The Coder Farmer\Desktop\NovaBank\src\NovaBank.WinForms\FrmMain.Designer.cs(72,26): warning CS0169: 'FrmMain.btnAdminSaveActive' alan─▒ hi├ğbir zaman kullan─▒lmaz [C:\Users\The Coder Farmer\Desktop\NovaBank\src\NovaBank.WinForms\NovaBank.WinForms.csproj]
C:\Users\The Coder Farmer\Desktop\NovaBank\src\NovaBank.WinForms\FrmMain.Designer.cs(69,26): warning CS0649: 'FrmMain.cmbAdminStatus' alan─▒ hi├ğbir zaman atanmaz ve her zaman varsay─▒lan null de─şerine sahip olur [C:\Users\The Coder Farmer\Desktop\NovaBank\src\NovaBank.WinForms\NovaBank.WinForms.csproj]
C:\Users\The Coder Farmer\Desktop\NovaBank\src\NovaBank.WinForms\FrmMain.Designer.cs(68,22): warning CS0649: 'FrmMain.txtAdminOverdraft' alan─▒ hi├ğbir zaman atanmaz ve her zaman varsay─▒lan null de─şerine sahip olur [C:\Users\The Coder Farmer\Desktop\NovaBank\src\NovaBank.WinForms\NovaBank.WinForms.csproj]
C:\Users\The Coder Farmer\Desktop\NovaBank\src\NovaBank.WinForms\FrmMain.Designer.cs(30,22): warning CS0169: 'FrmMain.txtToId' alan─▒ hi├ğbir zaman kullan─▒lmaz [C:\Users\The Coder Farmer\Desktop\NovaBank\src\NovaBank.WinForms\NovaBank.WinForms.csproj]
C:\Users\The Coder Farmer\Desktop\NovaBank\src\NovaBank.WinForms\FrmMain.Designer.cs(71,23): warning CS0649: 'FrmMain.chkAdminIsActive' alan─▒ hi├ğbir zaman atanmaz ve her zaman varsay─▒lan null de─şerine sahip olur [C:\Users\The Coder Farmer\Desktop\NovaBank\src\NovaBank.WinForms\NovaBank.WinForms.csproj]
C:\Users\The Coder Farmer\Desktop\NovaBank\src\NovaBank.WinForms\FrmMain.Designer.cs(84,23): warning CS0169: 'FrmMain.chkAdminIsApproved' alan─▒ hi├ğbir zaman kullan─▒lmaz [C:\Users\The Coder Farmer\Desktop\NovaBank\src\NovaBank.WinForms\NovaBank.WinForms.csproj]

Olu┼şturma BA┼ŞARISIZ OLDU.

CSC : warning DX1000: For evaluation purposes only. Redistribution prohibited. Please purchase a license to continue use of the following DevExpress product libraries: DevExpress.Xtra*/DevExpress.Win* - Included in Subscriptions: Universal, DXperience, WinForms (devexpress.com/DX1000) [C:\Users\The Coder Farmer\Desktop\NovaBank\src\NovaBank.WinForms\NovaBank.WinForms.csproj]
C:\Users\The Coder Farmer\Desktop\NovaBank\src\NovaBank.WinForms\FrmAuth.cs(83,48): warning CS8632: Bo┼ş de─şer atanabilir ba┼şvuru t├╝rleri i├ğin ek a├ğ─▒klama kodda yaln─▒zca bir '#nullable' ek a├ğ─▒klama ba─şlam─▒ i├ğinde kullan─▒lmal─▒d─▒r. [C:\Users\The Coder Farmer\Desktop\NovaBank\src\NovaBank.WinForms\NovaBank.WinForms.csproj]
C:\Users\The Coder Farmer\Desktop\NovaBank\src\NovaBank.WinForms\FrmForgotPassword.cs(11,19): warning CS8632: Bo┼ş de─şer atanabilir ba┼şvuru t├╝rleri i├ğin ek a├ğ─▒klama kodda yaln─▒zca bir '#nullable' ek a├ğ─▒klama ba─şlam─▒ i├ğinde kullan─▒lmal─▒d─▒r. [C:\Users\The Coder Farmer\Desktop\NovaBank\src\NovaBank.WinForms\NovaBank.WinForms.csproj]
C:\Users\The Coder Farmer\Desktop\NovaBank\src\NovaBank.WinForms\Services\Session.cs(11,25): warning CS8632: Bo┼ş de─şer atanabilir ba┼şvuru t├╝rleri i├ğin ek a├ğ─▒klama kodda yaln─▒zca bir '#nullable' ek a├ğ─▒klama ba─şlam─▒ i├ğinde kullan─▒lmal─▒d─▒r. [C:\Users\The Coder Farmer\Desktop\NovaBank\src\NovaBank.WinForms\NovaBank.WinForms.csproj]
C:\Users\The Coder Farmer\Desktop\NovaBank\src\NovaBank.WinForms\Services\Session.cs(14,25): warning CS8632: Bo┼ş de─şer atanabilir ba┼şvuru t├╝rleri i├ğin ek a├ğ─▒klama kodda yaln─▒zca bir '#nullable' ek a├ğ─▒klama ba─şlam─▒ i├ğinde kullan─▒lmal─▒d─▒r. [C:\Users\The Coder Farmer\Desktop\NovaBank\src\NovaBank.WinForms\NovaBank.WinForms.csproj]
C:\Users\The Coder Farmer\Desktop\NovaBank\src\NovaBank.WinForms\FrmMain.cs(1357,21): warning CS8602: Olas─▒ bir null ba┼şvurunun ba┼şvurma i┼şlemi. [C:\Users\The Coder Farmer\Desktop\NovaBank\src\NovaBank.WinForms\NovaBank.WinForms.csproj]
C:\Users\The Coder Farmer\Desktop\NovaBank\src\NovaBank.WinForms\FrmMain.cs(1358,21): warning CS8602: Olas─▒ bir null ba┼şvurunun ba┼şvurma i┼şlemi. [C:\Users\The Coder Farmer\Desktop\NovaBank\src\NovaBank.WinForms\NovaBank.WinForms.csproj]
C:\Users\The Coder Farmer\Desktop\NovaBank\src\NovaBank.WinForms\FrmMain.cs(1362,21): warning CS8602: Olas─▒ bir null ba┼şvurunun ba┼şvurma i┼şlemi. [C:\Users\The Coder Farmer\Desktop\NovaBank\src\NovaBank.WinForms\NovaBank.WinForms.csproj]
C:\Users\The Coder Farmer\Desktop\NovaBank\src\NovaBank.WinForms\FrmMain.cs(1363,21): warning CS8602: Olas─▒ bir null ba┼şvurunun ba┼şvurma i┼şlemi. [C:\Users\The Coder Farmer\Desktop\NovaBank\src\NovaBank.WinForms\NovaBank.WinForms.csproj]
C:\Users\The Coder Farmer\Desktop\NovaBank\src\NovaBank.WinForms\FrmMain.cs(1367,21): warning CS8602: Olas─▒ bir null ba┼şvurunun ba┼şvurma i┼şlemi. [C:\Users\The Coder Farmer\Desktop\NovaBank\src\NovaBank.WinForms\NovaBank.WinForms.csproj]
C:\Users\The Coder Farmer\Desktop\NovaBank\src\NovaBank.WinForms\FrmMain.cs(1368,21): warning CS8602: Olas─▒ bir null ba┼şvurunun ba┼şvurma i┼şlemi. [C:\Users\The Coder Farmer\Desktop\NovaBank\src\NovaBank.WinForms\NovaBank.WinForms.csproj]
C:\Users\The Coder Farmer\Desktop\NovaBank\src\NovaBank.WinForms\FrmMain.cs(1372,21): warning CS8602: Olas─▒ bir null ba┼şvurunun ba┼şvurma i┼şlemi. [C:\Users\The Coder Farmer\Desktop\NovaBank\src\NovaBank.WinForms\NovaBank.WinForms.csproj]
C:\Users\The Coder Farmer\Desktop\NovaBank\src\NovaBank.WinForms\FrmMain.cs(1373,21): warning CS8602: Olas─▒ bir null ba┼şvurunun ba┼şvurma i┼şlemi. [C:\Users\The Coder Farmer\Desktop\NovaBank\src\NovaBank.WinForms\NovaBank.WinForms.csproj]
C:\Users\The Coder Farmer\Desktop\NovaBank\src\NovaBank.WinForms\FrmMain.cs(1374,21): warning CS8602: Olas─▒ bir null ba┼şvurunun ba┼şvurma i┼şlemi. [C:\Users\The Coder Farmer\Desktop\NovaBank\src\NovaBank.WinForms\NovaBank.WinForms.csproj]
C:\Users\The Coder Farmer\Desktop\NovaBank\src\NovaBank.WinForms\FrmMain.cs(1378,21): warning CS8602: Olas─▒ bir null ba┼şvurunun ba┼şvurma i┼şlemi. [C:\Users\The Coder Farmer\Desktop\NovaBank\src\NovaBank.WinForms\NovaBank.WinForms.csproj]
C:\Users\The Coder Farmer\Desktop\NovaBank\src\NovaBank.WinForms\FrmMain.cs(1379,21): warning CS8602: Olas─▒ bir null ba┼şvurunun ba┼şvurma i┼şlemi. [C:\Users\The Coder Farmer\Desktop\NovaBank\src\NovaBank.WinForms\NovaBank.WinForms.csproj]
C:\Users\The Coder Farmer\Desktop\NovaBank\src\NovaBank.WinForms\FrmMain.cs(1380,21): warning CS8602: Olas─▒ bir null ba┼şvurunun ba┼şvurma i┼şlemi. [C:\Users\The Coder Farmer\Desktop\NovaBank\src\NovaBank.WinForms\NovaBank.WinForms.csproj]
C:\Users\The Coder Farmer\Desktop\NovaBank\src\NovaBank.WinForms\FrmMain.cs(1384,21): warning CS8602: Olas─▒ bir null ba┼şvurunun ba┼şvurma i┼şlemi. [C:\Users\The Coder Farmer\Desktop\NovaBank\src\NovaBank.WinForms\NovaBank.WinForms.csproj]
C:\Users\The Coder Farmer\Desktop\NovaBank\src\NovaBank.WinForms\FrmMain.cs(1388,21): warning CS8602: Olas─▒ bir null ba┼şvurunun ba┼şvurma i┼şlemi. [C:\Users\The Coder Farmer\Desktop\NovaBank\src\NovaBank.WinForms\NovaBank.WinForms.csproj]
C:\Users\The Coder Farmer\Desktop\NovaBank\src\NovaBank.WinForms\FrmMain.cs(1415,24): warning CS1998: Bu zaman uyumsuz y├Ântemde 'await' i┼şle├ğleri yok ve zaman uyumlu ├ğal─▒┼şacak. 'await' i┼şlecini kullanarak engelleyici olmayan API ├ğa─şr─▒lar─▒n─▒ beklemeyi veya 'await Task.Run(...)' kullanarak bir arka plan i┼ş par├ğac─▒─ş─▒nda CPU ba─şlant─▒l─▒ i┼ş yapmay─▒ d├╝┼ş├╝n├╝n. [C:\Users\The Coder Farmer\Desktop\NovaBank\src\NovaBank.WinForms\NovaBank.WinForms.csproj]
C:\Users\The Coder Farmer\Desktop\NovaBank\src\NovaBank.WinForms\FrmMain.cs(1945,23): warning CS8602: Olas─▒ bir null ba┼şvurunun ba┼şvurma i┼şlemi. [C:\Users\The Coder Farmer\Desktop\NovaBank\src\NovaBank.WinForms\NovaBank.WinForms.csproj]
C:\Users\The Coder Farmer\Desktop\NovaBank\src\NovaBank.WinForms\FrmMain.cs(1996,23): warning CS8602: Olas─▒ bir null ba┼şvurunun ba┼şvurma i┼şlemi. [C:\Users\The Coder Farmer\Desktop\NovaBank\src\NovaBank.WinForms\NovaBank.WinForms.csproj]
C:\Users\The Coder Farmer\Desktop\NovaBank\src\NovaBank.WinForms\FrmMain.cs(2066,28): warning CS8602: Olas─▒ bir null ba┼şvurunun ba┼şvurma i┼şlemi. [C:\Users\The Coder Farmer\Desktop\NovaBank\src\NovaBank.WinForms\NovaBank.WinForms.csproj]
C:\Users\The Coder Farmer\Desktop\NovaBank\src\NovaBank.WinForms\FrmMain.cs(2106,27): warning CS8602: Olas─▒ bir null ba┼şvurunun ba┼şvurma i┼şlemi. [C:\Users\The Coder Farmer\Desktop\NovaBank\src\NovaBank.WinForms\NovaBank.WinForms.csproj]
C:\Users\The Coder Farmer\Desktop\NovaBank\src\NovaBank.WinForms\FrmMain.cs(2132,27): warning CS8602: Olas─▒ bir null ba┼şvurunun ba┼şvurma i┼şlemi. [C:\Users\The Coder Farmer\Desktop\NovaBank\src\NovaBank.WinForms\NovaBank.WinForms.csproj]
C:\Users\The Coder Farmer\Desktop\NovaBank\src\NovaBank.WinForms\FrmMain.cs(2170,27): warning CS8602: Olas─▒ bir null ba┼şvurunun ba┼şvurma i┼şlemi. [C:\Users\The Coder Farmer\Desktop\NovaBank\src\NovaBank.WinForms\NovaBank.WinForms.csproj]
C:\Users\The Coder Farmer\Desktop\NovaBank\src\NovaBank.WinForms\FrmMain.cs(2209,28): warning CS8602: Olas─▒ bir null ba┼şvurunun ba┼şvurma i┼şlemi. [C:\Users\The Coder Farmer\Desktop\NovaBank\src\NovaBank.WinForms\NovaBank.WinForms.csproj]
C:\Users\The Coder Farmer\Desktop\NovaBank\src\NovaBank.WinForms\FrmMain.cs(2243,28): warning CS8602: Olas─▒ bir null ba┼şvurunun ba┼şvurma i┼şlemi. [C:\Users\The Coder Farmer\Desktop\NovaBank\src\NovaBank.WinForms\NovaBank.WinForms.csproj]
C:\Users\The Coder Farmer\Desktop\NovaBank\src\NovaBank.WinForms\FrmMain.cs(2377,23): warning CS8602: Olas─▒ bir null ba┼şvurunun ba┼şvurma i┼şlemi. [C:\Users\The Coder Farmer\Desktop\NovaBank\src\NovaBank.WinForms\NovaBank.WinForms.csproj]
C:\Users\The Coder Farmer\Desktop\NovaBank\src\NovaBank.WinForms\FrmMain.cs(2448,27): warning CS8602: Olas─▒ bir null ba┼şvurunun ba┼şvurma i┼şlemi. [C:\Users\The Coder Farmer\Desktop\NovaBank\src\NovaBank.WinForms\NovaBank.WinForms.csproj]
C:\Users\The Coder Farmer\Desktop\NovaBank\src\NovaBank.WinForms\FrmMain.cs(2492,27): warning CS8602: Olas─▒ bir null ba┼şvurunun ba┼şvurma i┼şlemi. [C:\Users\The Coder Farmer\Desktop\NovaBank\src\NovaBank.WinForms\NovaBank.WinForms.csproj]
C:\Users\The Coder Farmer\Desktop\NovaBank\src\NovaBank.WinForms\FrmMain.cs(2823,17): warning CS8602: Olas─▒ bir null ba┼şvurunun ba┼şvurma i┼şlemi. [C:\Users\The Coder Farmer\Desktop\NovaBank\src\NovaBank.WinForms\NovaBank.WinForms.csproj]
C:\Users\The Coder Farmer\Desktop\NovaBank\src\NovaBank.WinForms\FrmMain.cs(3151,32): warning CS8602: Olas─▒ bir null ba┼şvurunun ba┼şvurma i┼şlemi. [C:\Users\The Coder Farmer\Desktop\NovaBank\src\NovaBank.WinForms\NovaBank.WinForms.csproj]
C:\Users\The Coder Farmer\Desktop\NovaBank\src\NovaBank.WinForms\FrmMain.cs(3208,29): warning CS8602: Olas─▒ bir null ba┼şvurunun ba┼şvurma i┼şlemi. [C:\Users\The Coder Farmer\Desktop\NovaBank\src\NovaBank.WinForms\NovaBank.WinForms.csproj]
C:\Users\The Coder Farmer\Desktop\NovaBank\src\NovaBank.WinForms\FrmMain.cs(3214,32): warning CS8602: Olas─▒ bir null ba┼şvurunun ba┼şvurma i┼şlemi. [C:\Users\The Coder Farmer\Desktop\NovaBank\src\NovaBank.WinForms\NovaBank.WinForms.csproj]
C:\Users\The Coder Farmer\Desktop\NovaBank\src\NovaBank.WinForms\FrmMain.cs(3303,24): warning CS1998: Bu zaman uyumsuz y├Ântemde 'await' i┼şle├ğleri yok ve zaman uyumlu ├ğal─▒┼şacak. 'await' i┼şlecini kullanarak engelleyici olmayan API ├ğa─şr─▒lar─▒n─▒ beklemeyi veya 'await Task.Run(...)' kullanarak bir arka plan i┼ş par├ğac─▒─ş─▒nda CPU ba─şlant─▒l─▒ i┼ş yapmay─▒ d├╝┼ş├╝n├╝n. [C:\Users\The Coder Farmer\Desktop\NovaBank\src\NovaBank.WinForms\NovaBank.WinForms.csproj]
C:\Users\The Coder Farmer\Desktop\NovaBank\src\NovaBank.WinForms\FrmMain.Designer.cs(70,26): warning CS0169: 'FrmMain.btnAdminUpdateOverdraft' alan─▒ hi├ğbir zaman kullan─▒lmaz [C:\Users\The Coder Farmer\Desktop\NovaBank\src\NovaBank.WinForms\NovaBank.WinForms.csproj]
C:\Users\The Coder Farmer\Desktop\NovaBank\src\NovaBank.WinForms\FrmMain.Designer.cs(70,51): warning CS0169: 'FrmMain.btnAdminUpdateStatus' alan─▒ hi├ğbir zaman kullan─▒lmaz [C:\Users\The Coder Farmer\Desktop\NovaBank\src\NovaBank.WinForms\NovaBank.WinForms.csproj]
C:\Users\The Coder Farmer\Desktop\NovaBank\src\NovaBank.WinForms\FrmMain.Designer.cs(16,40): warning CS0169: 'FrmMain.txtAccountNo' alan─▒ hi├ğbir zaman kullan─▒lmaz [C:\Users\The Coder Farmer\Desktop\NovaBank\src\NovaBank.WinForms\NovaBank.WinForms.csproj]
C:\Users\The Coder Farmer\Desktop\NovaBank\src\NovaBank.WinForms\FrmMain.Designer.cs(104,48): warning CS0169: 'FrmMain.txtInstLogo' alan─▒ hi├ğbir zaman kullan─▒lmaz [C:\Users\The Coder Farmer\Desktop\NovaBank\src\NovaBank.WinForms\NovaBank.WinForms.csproj]
C:\Users\The Coder Farmer\Desktop\NovaBank\src\NovaBank.WinForms\FrmMain.Designer.cs(72,46): warning CS0169: 'FrmMain.btnAdminResetPassword' alan─▒ hi├ğbir zaman kullan─▒lmaz [C:\Users\The Coder Farmer\Desktop\NovaBank\src\NovaBank.WinForms\NovaBank.WinForms.csproj]
C:\Users\The Coder Farmer\Desktop\NovaBank\src\NovaBank.WinForms\FrmMain.Designer.cs(72,26): warning CS0169: 'FrmMain.btnAdminSaveActive' alan─▒ hi├ğbir zaman kullan─▒lmaz [C:\Users\The Coder Farmer\Desktop\NovaBank\src\NovaBank.WinForms\NovaBank.WinForms.csproj]
C:\Users\The Coder Farmer\Desktop\NovaBank\src\NovaBank.WinForms\FrmMain.Designer.cs(69,26): warning CS0649: 'FrmMain.cmbAdminStatus' alan─▒ hi├ğbir zaman atanmaz ve her zaman varsay─▒lan null de─şerine sahip olur [C:\Users\The Coder Farmer\Desktop\NovaBank\src\NovaBank.WinForms\NovaBank.WinForms.csproj]
C:\Users\The Coder Farmer\Desktop\NovaBank\src\NovaBank.WinForms\FrmMain.Designer.cs(68,22): warning CS0649: 'FrmMain.txtAdminOverdraft' alan─▒ hi├ğbir zaman atanmaz ve her zaman varsay─▒lan null de─şerine sahip olur [C:\Users\The Coder Farmer\Desktop\NovaBank\src\NovaBank.WinForms\NovaBank.WinForms.csproj]
C:\Users\The Coder Farmer\Desktop\NovaBank\src\NovaBank.WinForms\FrmMain.Designer.cs(30,22): warning CS0169: 'FrmMain.txtToId' alan─▒ hi├ğbir zaman kullan─▒lmaz [C:\Users\The Coder Farmer\Desktop\NovaBank\src\NovaBank.WinForms\NovaBank.WinForms.csproj]
C:\Users\The Coder Farmer\Desktop\NovaBank\src\NovaBank.WinForms\FrmMain.Designer.cs(71,23): warning CS0649: 'FrmMain.chkAdminIsActive' alan─▒ hi├ğbir zaman atanmaz ve her zaman varsay─▒lan null de─şerine sahip olur [C:\Users\The Coder Farmer\Desktop\NovaBank\src\NovaBank.WinForms\NovaBank.WinForms.csproj]
C:\Users\The Coder Farmer\Desktop\NovaBank\src\NovaBank.WinForms\FrmMain.Designer.cs(84,23): warning CS0169: 'FrmMain.chkAdminIsApproved' alan─▒ hi├ğbir zaman kullan─▒lmaz [C:\Users\The Coder Farmer\Desktop\NovaBank\src\NovaBank.WinForms\NovaBank.WinForms.csproj]
C:\Users\The Coder Farmer\Desktop\NovaBank\src\NovaBank.WinForms\FrmMain.cs(1336,75): error CS1503: 1 ba─ş─▒ms─▒z de─şi┼şkeni: 'decimal?' ├Â─şesinden 'decimal' ├Â─şesine d├Ân├╝┼şt├╝r├╝lemiyor [C:\Users\The Coder Farmer\Desktop\NovaBank\src\NovaBank.WinForms\NovaBank.WinForms.csproj]
C:\Users\The Coder Farmer\Desktop\NovaBank\src\NovaBank.WinForms\FrmMain.cs(1336,93): error CS1503: 2 ba─ş─▒ms─▒z de─şi┼şkeni: 'decimal?' ├Â─şesinden 'decimal' ├Â─şesine d├Ân├╝┼şt├╝r├╝lemiyor [C:\Users\The Coder Farmer\Desktop\NovaBank\src\NovaBank.WinForms\NovaBank.WinForms.csproj]
    47 Uyar─▒
    2 Hata

Ge├ğen S├╝re 00:00:03.32
